[  242511ms] TypeError: Cannot read properties of null (reading 'parentElement')
    at relocateControls (http://localhost:8177/:3303:9)
    at renderListView (http://localhost:8177/:3426:3)
    at sortList (http://localhost:8177/:3343:3)
    at HTMLButtonElement.onclick (http://localhost:8177/:1:1)
[  285961ms] TypeError: Cannot read properties of null (reading 'parentElement')
    at relocateControls (http://localhost:8177/:3303:9)
    at renderListView (http://localhost:8177/:3426:3)
    at sortList (http://localhost:8177/:3343:3)
    at HTMLButtonElement.onclick (http://localhost:8177/:1:1)
[  304689ms] TypeError: Cannot read properties of null (reading 'parentElement')
    at relocateControls (http://localhost:8177/:3303:9)
    at setView (http://localhost:8177/:3319:5)
    at HTMLButtonElement.onclick (http://localhost:8177/:951:86)
[  364315ms] TypeError: Cannot read properties of null (reading 'parentElement')
    at relocateControls (http://localhost:8177/:3303:9)
    at renderListView (http://localhost:8177/:3426:3)
    at setView (http://localhost:8177/:3317:21)
    at HTMLButtonElement.onclick (http://localhost:8177/:952:89)
[  380436ms] TypeError: Cannot read properties of null (reading 'parentElement')
    at relocateControls (http://localhost:8177/:3303:9)
    at renderListView (http://localhost:8177/:3426:3)
    at drawMarkers (http://localhost:8177/:1931:26)
    at onMapFylke (http://localhost:8177/:2068:3)
    at HTMLSelectElement.onchange (http://localhost:8177/:956:62)
[  407449ms] TypeError: Cannot read properties of null (reading 'parentElement')
    at relocateControls (http://localhost:8177/:3303:9)
    at setView (http://localhost:8177/:3319:5)
    at HTMLButtonElement.onclick (http://localhost:8177/:951:86)
